// Jest Snapshot v1, https://goo.gl/fbAQLP

exports[`About View Should match with last snapshot 1`] = `
<div class="about">
  <h1>This is an about page</h1>
</div>
`;
